Archive member included to satisfy reference by file (symbol)

C:/ST/STM32CubeIDE_1.19.0/STM32CubeIDE/plugins/com.st.stm32cube.ide.mcu.externaltools.gnu-tools-for-stm32.13.3.rel1.win32_1.0.0.202411081344/tools/bin/../lib/gcc/arm-none-eabi/13.3.1/../../../../arm-none-eabi/lib/thumb/v7e-m+fp/hard\libc_nano.a(libc_a-exit.o)
                              C:/ST/STM32CubeIDE_1.19.0/STM32CubeIDE/plugins/com.st.stm32cube.ide.mcu.externaltools.gnu-tools-for-stm32.13.3.rel1.win32_1.0.0.202411081344/tools/bin/../lib/gcc/arm-none-eabi/13.3.1/../../../../arm-none-eabi/lib/thumb/v7e-m+fp/hard/crt0.o (exit)
C:/ST/STM32CubeIDE_1.19.0/STM32CubeIDE/plugins/com.st.stm32cube.ide.mcu.externaltools.gnu-tools-for-stm32.13.3.rel1.win32_1.0.0.202411081344/tools/bin/../lib/gcc/arm-none-eabi/13.3.1/../../../../arm-none-eabi/lib/thumb/v7e-m+fp/hard\libc_nano.a(libc_a-findfp.o)
                              C:/ST/STM32CubeIDE_1.19.0/STM32CubeIDE/plugins/com.st.stm32cube.ide.mcu.externaltools.gnu-tools-for-stm32.13.3.rel1.win32_1.0.0.202411081344/tools/bin/../lib/gcc/arm-none-eabi/13.3.1/../../../../arm-none-eabi/lib/thumb/v7e-m+fp/hard\libc_nano.a(libc_a-exit.o) (__stdio_exit_handler)
C:/ST/STM32CubeIDE_1.19.0/STM32CubeIDE/plugins/com.st.stm32cube.ide.mcu.externaltools.gnu-tools-for-stm32.13.3.rel1.win32_1.0.0.202411081344/tools/bin/../lib/gcc/arm-none-eabi/13.3.1/../../../../arm-none-eabi/lib/thumb/v7e-m+fp/hard\libc_nano.a(libc_a-fwalk.o)
                              C:/ST/STM32CubeIDE_1.19.0/STM32CubeIDE/plugins/com.st.stm32cube.ide.mcu.externaltools.gnu-tools-for-stm32.13.3.rel1.win32_1.0.0.202411081344/tools/bin/../lib/gcc/arm-none-eabi/13.3.1/../../../../arm-none-eabi/lib/thumb/v7e-m+fp/hard\libc_nano.a(libc_a-findfp.o) (_fwalk_sglue)
C:/ST/STM32CubeIDE_1.19.0/STM32CubeIDE/plugins/com.st.stm32cube.ide.mcu.externaltools.gnu-tools-for-stm32.13.3.rel1.win32_1.0.0.202411081344/tools/bin/../lib/gcc/arm-none-eabi/13.3.1/../../../../arm-none-eabi/lib/thumb/v7e-m+fp/hard\libc_nano.a(libc_a-stdio.o)
                              C:/ST/STM32CubeIDE_1.19.0/STM32CubeIDE/plugins/com.st.stm32cube.ide.mcu.externaltools.gnu-tools-for-stm32.13.3.rel1.win32_1.0.0.202411081344/tools/bin/../lib/gcc/arm-none-eabi/13.3.1/../../../../arm-none-eabi/lib/thumb/v7e-m+fp/hard\libc_nano.a(libc_a-findfp.o) (__sread)
C:/ST/STM32CubeIDE_1.19.0/STM32CubeIDE/plugins/com.st.stm32cube.ide.mcu.externaltools.gnu-tools-for-stm32.13.3.rel1.win32_1.0.0.202411081344/tools/bin/../lib/gcc/arm-none-eabi/13.3.1/../../../../arm-none-eabi/lib/thumb/v7e-m+fp/hard\libc_nano.a(libc_a-memset.o)
                              C:/ST/STM32CubeIDE_1.19.0/STM32CubeIDE/plugins/com.st.stm32cube.ide.mcu.externaltools.gnu-tools-for-stm32.13.3.rel1.win32_1.0.0.202411081344/tools/bin/../lib/gcc/arm-none-eabi/13.3.1/../../../../arm-none-eabi/lib/thumb/v7e-m+fp/hard/crt0.o (memset)
C:/ST/STM32CubeIDE_1.19.0/STM32CubeIDE/plugins/com.st.stm32cube.ide.mcu.externaltools.gnu-tools-for-stm32.13.3.rel1.win32_1.0.0.202411081344/tools/bin/../lib/gcc/arm-none-eabi/13.3.1/../../../../arm-none-eabi/lib/thumb/v7e-m+fp/hard\libc_nano.a(libc_a-closer.o)
                              C:/ST/STM32CubeIDE_1.19.0/STM32CubeIDE/plugins/com.st.stm32cube.ide.mcu.externaltools.gnu-tools-for-stm32.13.3.rel1.win32_1.0.0.202411081344/tools/bin/../lib/gcc/arm-none-eabi/13.3.1/../../../../arm-none-eabi/lib/thumb/v7e-m+fp/hard\libc_nano.a(libc_a-stdio.o) (_close_r)
C:/ST/STM32CubeIDE_1.19.0/STM32CubeIDE/plugins/com.st.stm32cube.ide.mcu.externaltools.gnu-tools-for-stm32.13.3.rel1.win32_1.0.0.202411081344/tools/bin/../lib/gcc/arm-none-eabi/13.3.1/../../../../arm-none-eabi/lib/thumb/v7e-m+fp/hard\libc_nano.a(libc_a-reent.o)
                              C:/ST/STM32CubeIDE_1.19.0/STM32CubeIDE/plugins/com.st.stm32cube.ide.mcu.externaltools.gnu-tools-for-stm32.13.3.rel1.win32_1.0.0.202411081344/tools/bin/../lib/gcc/arm-none-eabi/13.3.1/../../../../arm-none-eabi/lib/thumb/v7e-m+fp/hard\libc_nano.a(libc_a-closer.o) (errno)
C:/ST/STM32CubeIDE_1.19.0/STM32CubeIDE/plugins/com.st.stm32cube.ide.mcu.externaltools.gnu-tools-for-stm32.13.3.rel1.win32_1.0.0.202411081344/tools/bin/../lib/gcc/arm-none-eabi/13.3.1/../../../../arm-none-eabi/lib/thumb/v7e-m+fp/hard\libc_nano.a(libc_a-impure.o)
                              C:/ST/STM32CubeIDE_1.19.0/STM32CubeIDE/plugins/com.st.stm32cube.ide.mcu.externaltools.gnu-tools-for-stm32.13.3.rel1.win32_1.0.0.202411081344/tools/bin/../lib/gcc/arm-none-eabi/13.3.1/../../../../arm-none-eabi/lib/thumb/v7e-m+fp/hard\libc_nano.a(libc_a-reent.o) (_impure_ptr)
C:/ST/STM32CubeIDE_1.19.0/STM32CubeIDE/plugins/com.st.stm32cube.ide.mcu.externaltools.gnu-tools-for-stm32.13.3.rel1.win32_1.0.0.202411081344/tools/bin/../lib/gcc/arm-none-eabi/13.3.1/../../../../arm-none-eabi/lib/thumb/v7e-m+fp/hard\libc_nano.a(libc_a-lseekr.o)
[...]
Memory Configuration

Name             Origin             Length             Attributes
CCMRAM           0x10000000         0x00010000         xrw
RAM              0x20000000         0x00030000         xrw
FLASH            0x08000000         0x00200000         xr
*default*        0x00000000         0xffffffff

Linker script and memory map

LOAD C:/ST/STM32CubeIDE_1.19.0/STM32CubeIDE/plugins/com.st.stm32cube.ide.mcu.externaltools.gnu-tools-for-stm32.13.3.rel1.win32_1.0.0.202411081344/tools/bin/../lib/gcc/arm-none-eabi/13.3.1/thumb/v7e-m+fp/hard/crti.o
LOAD C:/ST/STM32CubeIDE_1.19.0/STM32CubeIDE/plugins/com.st.stm32cube.ide.mcu.externaltools.gnu-tools-for-stm32.13.3.rel1.win32_1.0.0.202411081344/tools/bin/../lib/gcc/arm-none-eabi/13.3.1/thumb/v7e-m+fp/hard/crtbegin.o
LOAD C:/ST/STM32CubeIDE_1.19.0/STM32CubeIDE/plugins/com.st.stm32cube.ide.mcu.externaltools.gnu-tools-for-stm32.13.3.rel1.win32_1.0.0.202411081344/tools/bin/../lib/gcc/arm-none-eabi/13.3.1/../../../../arm-none-eabi/lib/thumb/v7e-m+fp/hard/crt0.o
LOAD ./Core/Src/main.o
LOAD ./Core/Src/stm32f4xx_hal_msp.o
LOAD ./Core/Src/stm32f4xx_it.o
LOAD ./Core/Src/syscalls.o
LOAD ./Core/Src/sysmem.o
LOAD ./Core/Src/system_stm32f4xx.o
LOAD ./Core/Startup/startup_stm32f429zitx.o
LOAD ./Drivers/STM32F4xx_HAL_Driver/Src/stm32f4xx_hal.o
LOAD ./Drivers/STM32F4xx_HAL_Driver/Src/stm32f4xx_hal_cortex.o
LOAD ./Drivers/STM32F4xx_HAL_Driver/Src/stm32f4xx_hal_dma.o
LOAD ./Drivers/STM32F4xx_HAL_Driver/Src/stm32f4xx_hal_dma_ex.o
LOAD ./Drivers/STM32F4xx_HAL_Driver/Src/stm32f4xx_hal_exti.o
LOAD ./Drivers/STM32F4xx_HAL_Driver/Src/stm32f4xx_hal_flash.o
LOAD ./Drivers/STM32F4xx_HAL_Driver/Src/stm32f4xx_hal_flash_ex.o
LOAD ./Drivers/STM32F4xx_HAL_Driver/Src/stm32f4xx_hal_flash_ramfunc.o
LOAD ./Drivers/STM32F4xx_HAL_Driver/Src/stm32f4xx_hal_gpio.o
LOAD ./Drivers/STM32F4xx_HAL_Driver/Src/stm32f4xx_hal_pwr.o
LOAD ./Drivers/STM32F4xx_HAL_Driver/Src/stm32f4xx_hal_pwr_ex.o
LOAD ./Drivers/STM32F4xx_HAL_Driver/Src/stm32f4xx_hal_rcc.o
LOAD ./Drivers/STM32F4xx_HAL_Driver/Src/stm32f4xx_hal_rcc_ex.o
LOAD ./Drivers/STM32F4xx_HAL_Driver/Src/stm32f4xx_hal_DMAIdleReciever.o
START GROUP
LOAD C:/ST/STM32CubeIDE_1.19.0/STM32CubeIDE/plugins/com.st.stm32cube.ide.mcu.externaltools.gnu-tools-for-stm32.13.3.rel1.win32_1.0.0.202411081344/tools/bin/../lib/gcc/arm-none-eabi/13.3.1/../../../../arm-none-eabi/lib/thumb/v7e-m+fp/hard\libc_nano.a
LOAD C:/ST/STM32CubeIDE_1.19.0/STM32CubeIDE/plugins/com.st.stm32cube.ide.mcu.externaltools.gnu-tools-for-stm32.13.3.rel1.win32_1.0.0.202411081344/tools/bin/../lib/gcc/arm-none-eabi/13.3.1/../../../../arm-none-eabi/lib/thumb/v7e-m+fp/hard\libm.a
END GROUP
START GROUP
LOAD C:/ST/STM32CubeIDE_1.19.0/STM32CubeIDE/plugins/com.st.stm32cube.ide.mcu.externaltools.gnu-tools-for-stm32.13.3.rel1.win32_1.0.0.202411081344/tools/bin/../lib/gcc/arm-none-eabi/13.3.1/thumb/v7e-m+fp/hard\libgcc.a
LOAD C:/ST/STM32CubeIDE_1.19.0/STM32CubeIDE/plugins/com.st.stm32cube.ide.mcu.externaltools.gnu-tools-for-stm32.13.3.rel1.win32_1.0.0.202411081344/tools/bin/../lib/gcc/arm-none-eabi/13.3.1/../../../../arm-none-eabi/lib/thumb/v7e-m+fp/hard\libc_nano.a
END GROUP
START GROUP
LOAD C:/ST/STM32CubeIDE_1.19.0/STM32CubeIDE/plugins/com.st.stm32cube.ide.mcu.externaltools.gnu-tools-for-stm32.13.3.rel1.win32_1.0.0.202411081344/tools/bin/../lib/gcc/arm-none-eabi/13.3.1/thumb/v7e-m+fp/hard\libgcc.a
LOAD C:/ST/STM32CubeIDE_1.19.0/STM32CubeIDE/plugins/com.st.stm32cube.ide.mcu.externaltools.gnu-tools-for-stm32.13.3.rel1.win32_1.0.0.202411081344/tools/bin/../lib/gcc/arm-none-eabi/13.3.1/../../../../arm-none-eabi/lib/thumb/v7e-m+fp/hard\libc_nano.a
LOAD C:/ST/STM32CubeIDE_1.19.0/STM32CubeIDE/plugins/com.st.stm32cube.ide.mcu.externaltools.gnu-tools-for-stm32.13.3.rel1.win32_1.0.0.202411081344/tools/bin/../lib/gcc/arm-none-eabi/13.3.1/../../../../arm-none-eabi/lib/thumb/v7e-m+fp/hard\libnosys.a
END GROUP
START GROUP
LOAD C:/ST/STM32CubeIDE_1.19.0/STM32CubeIDE/plugins/com.st.stm32cube.ide.mcu.externaltools.gnu-tools-for-stm32.13.3.rel1.win32_1.0.0.202411081344/tools/bin/../lib/gcc/arm-none-eabi/13.3.1/thumb/v7e-m+fp/hard\libgcc.a
LOAD C:/ST/STM32CubeIDE_1.19.0/STM32CubeIDE/plugins/com.st.stm32cube.ide.mcu.externaltools.gnu-tools-for-stm32.13.3.rel1.win32_1.0.0.202411081344/tools/bin/../lib/gcc/arm-none-eabi/13.3.1/../../../../arm-none-eabi/lib/thumb/v7e-m+fp/hard\libc_nano.a
LOAD C:/ST/STM32CubeIDE_1.19.0/STM32CubeIDE/plugins/com.st.stm32cube.ide.mcu.externaltools.gnu-tools-for-stm32.13.3.rel1.win32_1.0.0.202411081344/tools/bin/../lib/gcc/arm-none-eabi/13.3.1/../../../../arm-none-eabi/lib/thumb/v7e-m+fp/hard\libnosys.a
END GROUP
LOAD C:/ST/STM32CubeIDE_1.19.0/STM32CubeIDE/plugins/com.st.stm32cube.ide.mcu.externaltools.gnu-tools-for-stm32.13.3.rel1.win32_1.0.0.202411081344/tools/bin/../lib/gcc/arm-none-eabi/13.3.1/thumb/v7e-m+fp/hard/crtend.o
LOAD C:/ST/STM32CubeIDE_1.19.0/STM32CubeIDE/plugins/com.st.stm32cube.ide.mcu.externaltools.gnu-tools-for-stm32.13.3.rel1.win32_1.0.0.202411081344/tools/bin/../lib/gcc/arm-none-eabi/13.3.1/thumb/v7e-m+fp/hard/crtn.o
                0x20030000                        _estack = (ORIGIN (RAM) + LENGTH (RAM))
                0x00000200                        _Min_Heap_Size = 0x200
                0x00000400                        _Min_Stack_Size = 0x400

.isr_vector     0x08000000      0x1ac
                0x08000000                        . = ALIGN (0x4)
 *(.isr_vector)
 .isr_vector    0x08000000      0x1ac ./Core/Startup/startup_stm32f429zitx.o
                0x08000000                g_pfnVectors
                0x080001ac                        . = ALIGN (0x4)

.text           0x080001ac     0x3540
                0x080001ac                        . = ALIGN (0x4)
 *(.text)
 .text          0x080001ac       0x40 C:/ST/STM32CubeIDE_1.19.0/STM32CubeIDE/plugins/com.st.stm32cube.ide.mcu.externaltools.gnu-tools-for-stm32.13.3.rel1.win32_1.0.0.202411081344/tools/bin/../lib/gcc/arm-none-eabi/13.3.1/thumb/v7e-m+fp/hard/crtbegin.o
 .text          0x080001ec       0x30 C:/ST/STM32CubeIDE_1.19.0/STM32CubeIDE/plugins/com.st.stm32cube.ide.mcu.externaltools.gnu-tools-for-stm32.13.3.rel1.win32_1.0.0.202411081344/tools/bin/../lib/gcc/arm-none-eabi/13.3.1/thumb/v7e-m+fp/hard\libgcc.a(_aeabi_uldivmod.o)
                0x080001ec                __aeabi_uldivmod
 .text          0x0800021c      0x2f8 C:/ST/STM32CubeIDE_1.19.0/STM32CubeIDE/plugins/com.st.stm32cube.ide.mcu.externaltools.gnu-tools-for-stm32.13.3.rel1.win32_1.0.0.202411081344/tools/bin/../lib/gcc/arm-none-eabi/13.3.1/thumb/v7e-m+fp/hard\libgcc.a(_udivmoddi4.o)
                0x0800021c                __udivmoddi4
 .text          0x08000514        0x4 C:/ST/STM32CubeIDE_1.19.0/STM32CubeIDE/plugins/com.st.stm32cube.ide.mcu.externaltools.gnu-tools-for-stm32.13.3.rel1.win32_1.0.0.202411081344/tools/bin/../lib/gcc/arm-none-eabi/13.3.1/thumb/v7e-m+fp/hard\libgcc.a(_dvmd_tls.o)
                0x08000514                __aeabi_idiv0
                0x08000514                __aeabi_ldiv0
 *(.text*)
 .text.HAL_DMAIdleRecieverEx_RxEventCallback
                0x08000518       0x9c ./Core/Src/main.o
                0x08000518                HAL_DMAIdleRecieverEx_RxEventCallback
 .text.main     0x080005b4       0x6c ./Core/Src/main.o
                0x080005b4                main
 .text.SystemClock_Config
                0x08000620       0xd4 ./Core/Src/main.o
                0x08000620                SystemClock_Config
 .text.MX_USART1_DMAIdleReciever_Init
                0x080006f4       0x54 ./Core/Src/main.o
 .text.MX_DMA_Init
                0x08000748       0x40 ./Core/Src/main.o
 .text.MX_GPIO_Init
                0x08000788       0x50 ./Core/Src/main.o
 .text.Error_Handler
                0x080007d8        0xc ./Core/Src/main.o
                0x080007d8                Error_Handler
 .text.HAL_MspInit
                0x080007e4       0x50 ./Core/Src/stm32f4xx_hal_msp.o
                0x080007e4                HAL_MspInit
 .text.HAL_DMAIdleReciever_MspInit
                0x08000834      0x108 ./Core/Src/stm32f4xx_hal_msp.o
                0x08000834                HAL_DMAIdleReciever_MspInit
 .text.NMI_Handler
                0x0800093c        0x8 ./Core/Src/stm32f4xx_it.o
                0x0800093c                NMI_Handler
 .text.HardFault_Handler
                0x08000944        0x8 ./Core/Src/stm32f4xx_it.o
                0x08000944                HardFault_Handler
 .text.MemManage_Handler
                0x0800094c        0x8 ./Core/Src/stm32f4xx_it.o
                0x0800094c                MemManage_Handler
 .text.BusFault_Handler
                0x08000954        0x8 ./Core/Src/stm32f4xx_it.o
                0x08000954                BusFault_Handler
 .text.UsageFault_Handler
                0x0800095c        0x8 ./Core/Src/stm32f4xx_it.o
                0x0800095c                UsageFault_Handler
 .text.SVC_Handler
                0x08000964        0xe ./Core/Src/stm32f4xx_it.o
                0x08000964                SVC_Handler
 .text.DebugMon_Handler
                0x08000972        0xe ./Core/Src/stm32f4xx_it.o
                0x08000972                DebugMon_Handler
 .text.PendSV_Handler
                0x08000980        0xe ./Core/Src/stm32f4xx_it.o
                0x08000980                PendSV_Handler
 *fill*         0x0800098e        0x2 
 .text.SysTick_Handler
                0x08000990       0x28 ./Core/Src/stm32f4xx_it.o
                0x08000990                SysTick_Handler
 .text.USART1_IRQHandler
                0x080009b8       0x14 ./Core/Src/stm32f4xx_it.o
                0x080009b8                USART1_IRQHandler
 .text.DMA2_Stream2_IRQHandler
                0x080009cc       0x14 ./Core/Src/stm32f4xx_it.o
                0x080009cc                DMA2_Stream2_IRQHandler
 .text.SystemInit
                0x080009e0       0x24 ./Core/Src/system_stm32f4xx.o
                0x080009e0                SystemInit
 .text.Reset_Handler
                0x08000a04       0x50 ./Core/Startup/startup_stm32f429zitx.o
                0x08000a04                Reset_Handler
 .text.Default_Handler
                0x08000a54        0x2 ./Core/Startup/startup_stm32f429zitx.o
                0x08000a54                RTC_Alarm_IRQHandler
                0x08000a54                HASH_RNG_IRQHandler
                0x08000a54                EXTI2_IRQHandler
                0x08000a54                TIM8_CC_IRQHandler
                0x08000a54                DMAIdleReciever8_IRQHandler
                0x08000a54                SPI4_IRQHandler
                0x08000a54                TIM1_CC_IRQHandler
                0x08000a54                DMA2_Stream5_IRQHandler
                0x08000a54                DMA1_Stream5_IRQHandler
                0x08000a54                PVD_IRQHandler
                0x08000a54                SDIO_IRQHandler
                0x08000a54                TAMP_STAMP_IRQHandler
                0x08000a54                CAN2_RX1_IRQHandler
                0x08000a54                EXTI3_IRQHandler
                0x08000a54                TIM8_TRG_COM_TIM14_IRQHandler
                0x08000a54                TIM1_UP_TIM10_IRQHandler
                0x08000a54                TIM8_UP_TIM13_IRQHandler
                0x08000a54                I2C3_ER_IRQHandler
                0x08000a54                EXTI0_IRQHandler
                0x08000a54                I2C2_EV_IRQHandler
                0x08000a54                DMA1_Stream2_IRQHandler
                0x08000a54                CAN1_RX0_IRQHandler
                0x08000a54                FPU_IRQHandler
                0x08000a54                OTG_HS_WKUP_IRQHandler
                0x08000a54                LTDC_ER_IRQHandler
                0x08000a54                CAN2_SCE_IRQHandler
                0x08000a54                SPI1_IRQHandler
                0x08000a54                TIM6_DAC_IRQHandler
                0x08000a54                TIM1_BRK_TIM9_IRQHandler
                0x08000a54                DCMI_IRQHandler
                0x08000a54                CAN2_RX0_IRQHandler
                0x08000a54                DMA2_Stream3_IRQHandler
                0x08000a54                USART6_IRQHandler
                0x08000a54                USART3_IRQHandler
                0x08000a54                CAN1_RX1_IRQHandler
                0x08000a54                DMAIdleReciever5_IRQHandler
                0x08000a54                DMA2_Stream0_IRQHandler
                0x08000a54                TIM4_IRQHandler
                0x08000a54                I2C1_EV_IRQHandler
                0x08000a54                DMA1_Stream6_IRQHandler
                0x08000a54                DMA1_Stream1_IRQHandler
                0x08000a54                DMAIdleReciever4_IRQHandler
                0x08000a54                TIM3_IRQHandler
                0x08000a54                RCC_IRQHandler
                0x08000a54                TIM8_BRK_TIM12_IRQHandler
                0x08000a54                Default_Handler
                0x08000a54                EXTI15_10_IRQHandler
                0x08000a54                ADC_IRQHandler
                0x08000a54                DMA1_Stream7_IRQHandler
                0x08000a54                SPI5_IRQHandler
                0x08000a54                TIM7_IRQHandler
                0x08000a54                CAN2_TX_IRQHandler
                0x08000a54                TIM5_IRQHandler
                0x08000a54                DMA2_Stream7_IRQHandler
                0x08000a54                I2C3_EV_IRQHandler
                0x08000a54                EXTI9_5_IRQHandler
                0x08000a54                RTC_WKUP_IRQHandler
                0x08000a54                LTDC_IRQHandler
                0x08000a54                ETH_WKUP_IRQHandler
                0x08000a54                SPI2_IRQHandler
                0x08000a54                OTG_HS_EP1_IN_IRQHandler
                0x08000a54                DMA1_Stream0_IRQHandler
                0x08000a54                CAN1_TX_IRQHandler
                0x08000a54                EXTI4_IRQHandler
                0x08000a54                ETH_IRQHandler
                0x08000a54                OTG_HS_EP1_OUT_IRQHandler
                0x08000a54                WWDG_IRQHandler
                0x08000a54                SPI6_IRQHandler
                0x08000a54                TIM2_IRQHandler
                0x08000a54                OTG_FS_WKUP_IRQHandler
                0x08000a54                TIM1_TRG_COM_TIM11_IRQHandler
                0x08000a54                OTG_HS_IRQHandler
                0x08000a54                DMA2D_IRQHandler
                0x08000a54                EXTI1_IRQHandler
                0x08000a54                DMAIdleReciever7_IRQHandler
                0x08000a54                USART2_IRQHandler
                0x08000a54                I2C2_ER_IRQHandler
                0x08000a54                DMA2_Stream1_IRQHandler
                0x08000a54                CAN1_SCE_IRQHandler
                0x08000a54                FLASH_IRQHandler
                0x08000a54                DMA2_Stream4_IRQHandler
                0x08000a54                OTG_FS_IRQHandler
                0x08000a54                SPI3_IRQHandler
                0x08000a54                DMA1_Stream4_IRQHandler
                0x08000a54                I2C1_ER_IRQHandler
                0x08000a54                FMC_IRQHandler
                0x08000a54                DMA2_Stream6_IRQHandler
                0x08000a54                SAI1_IRQHandler
                0x08000a54                DMA1_Stream3_IRQHandler
 *fill*         0x08000a56        0x2 
 .text.HAL_Init
                0x08000a58       0x44 ./Drivers/STM32F4xx_HAL_Driver/Src/stm32f4xx_hal.o
                0x08000a58                HAL_Init
 .text.HAL_InitTick
                0x08000a9c       0x60 ./Drivers/STM32F4xx_HAL_Driver/Src/stm32f4xx_hal.o
                0x08000a9c                HAL_InitTick
 .text.HAL_IncTick
                0x08000afc       0x28 ./Drivers/STM32F4xx_HAL_Driver/Src/stm32f4xx_hal.o
                0x08000afc                HAL_IncTick
 .text.HAL_GetTick
                0x08000b24       0x18 ./Drivers/STM32F4xx_HAL_Driver/Src/stm32f4xx_hal.o
                0x08000b24                HAL_GetTick
 .text.__NVIC_SetPriorityGrouping
                0x08000b3c       0x48 ./Drivers/STM32F4xx_HAL_Driver/Src/stm32f4xx_hal_cortex.o
 .text.__NVIC_GetPriorityGrouping
                0x08000b84       0x1c ./Drivers/STM32F4xx_HAL_Driver/Src/stm32f4xx_hal_cortex.o
 .text.__NVIC_EnableIRQ
                0x08000ba0       0x3c ./Drivers/STM32F4xx_HAL_Driver/Src/stm32f4xx_hal_cortex.o
 .text.__NVIC_SetPriority
                0x08000bdc       0x54 ./Drivers/STM32F4xx_HAL_Driver/Src/stm32f4xx_hal_cortex.o
 .text.NVIC_EncodePriority
                0x08000c30       0x66 ./Drivers/STM32F4xx_HAL_Driver/Src/stm32f4xx_hal_cortex.o
 *fill*         0x08000c96        0x2 
 .text.SysTick_Config
                0x08000c98       0x44 ./Drivers/STM32F4xx_HAL_Driver/Src/stm32f4xx_hal_cortex.o
 .text.HAL_NVIC_SetPriorityGrouping
                0x08000cdc       0x16 ./Drivers/STM32F4xx_HAL_Driver/Src/stm32f4xx_hal_cortex.o
                0x08000cdc                HAL_NVIC_SetPriorityGrouping
 .text.HAL_NVIC_SetPriority
                0x08000cf2       0x38 ./Drivers/STM32F4xx_HAL_Driver/Src/stm32f4xx_hal_cortex.o
                0x08000cf2                HAL_NVIC_SetPriority
 .text.HAL_NVIC_EnableIRQ
                0x08000d2a       0x1c ./Drivers/STM32F4xx_HAL_Driver/Src/stm32f4xx_hal_cortex.o
                0x08000d2a                HAL_NVIC_EnableIRQ
 .text.HAL_SYSTICK_Config
                0x08000d46       0x18 ./Drivers/STM32F4xx_HAL_Driver/Src/stm32f4xx_hal_cortex.o
                0x08000d46                HAL_SYSTICK_Config
 *fill*         0x08000d5e        0x2 
 .text.HAL_DMA_Init
                0x08000d60      0x15c ./Drivers/STM32F4xx_HAL_Driver/Src/stm32f4xx_hal_dma.o
                0x08000d60                HAL_DMA_Init
 .text.HAL_DMA_Start_IT
                0x08000ebc       0xb0 ./Drivers/STM32F4xx_HAL_Driver/Src/stm32f4xx_hal_dma.o
                0x08000ebc                HAL_DMA_Start_IT
 .text.HAL_DMA_Abort
                0x08000f6c       0xe0 ./Drivers/STM32F4xx_HAL_Driver/Src/stm32f4xx_hal_dma.o
                0x08000f6c                HAL_DMA_Abort
 .text.HAL_DMA_Abort_IT
                0x0800104c       0x44 ./Drivers/STM32F4xx_HAL_Driver/Src/stm32f4xx_hal_dma.o
                0x0800104c                HAL_DMA_Abort_IT
 .text.HAL_DMA_IRQHandler
                0x08001090      0x314 ./Drivers/STM32F4xx_HAL_Driver/Src/stm32f4xx_hal_dma.o
                0x08001090                HAL_DMA_IRQHandler
 .text.DMA_SetConfig
                0x080013a4       0x5c ./Drivers/STM32F4xx_HAL_Driver/Src/stm32f4xx_hal_dma.o
 .text.DMA_CalcBaseAndBitshift
                0x08001400       0x6c ./Drivers/STM32F4xx_HAL_Driver/Src/stm32f4xx_hal_dma.o
 .text.DMA_CheckFifoParam
                0x0800146c       0xf8 ./Drivers/STM32F4xx_HAL_Driver/Src/stm32f4xx_hal_dma.o
 .text.HAL_GPIO_Init
                0x08001564      0x358 ./Drivers/STM32F4xx_HAL_Driver/Src/stm32f4xx_hal_gpio.o
                0x08001564                HAL_GPIO_Init
 .text.HAL_RCC_OscConfig
                0x080018bc      0x4f0 ./Drivers/STM32F4xx_HAL_Driver/Src/stm32f4xx_hal_rcc.o
                0x080018bc                HAL_RCC_OscConfig
 .text.HAL_RCC_ClockConfig
                0x08001dac      0x1cc ./Drivers/STM32F4xx_HAL_Driver/Src/stm32f4xx_hal_rcc.o
                0x08001dac                HAL_RCC_ClockConfig
 .text.HAL_RCC_GetSysClockFreq
                0x08001f78      0x20c ./Drivers/STM32F4xx_HAL_Driver/Src/stm32f4xx_hal_rcc.o
                0x08001f78                HAL_RCC_GetSysClockFreq
 .text.HAL_RCC_GetHCLKFreq
                0x08002184       0x18 ./Drivers/STM32F4xx_HAL_Driver/Src/stm32f4xx_hal_rcc.o
                0x08002184                HAL_RCC_GetHCLKFreq
 .text.HAL_RCC_GetPCLK1Freq
                0x0800219c       0x28 ./Drivers/STM32F4xx_HAL_Driver/Src/stm32f4xx_hal_rcc.o
                0x0800219c                HAL_RCC_GetPCLK1Freq
 .text.HAL_RCC_GetPCLK2Freq
                0x080021c4       0x28 ./Drivers/STM32F4xx_HAL_Driver/Src/stm32f4xx_hal_rcc.o
                0x080021c4                HAL_RCC_GetPCLK2Freq
 .text.HAL_DMAIdleReciever_Init
                0x080021ec       0xa0 ./Drivers/STM32F4xx_HAL_Driver/Src/stm32f4xx_hal_DMAIdleReciever.o
                0x080021ec                HAL_DMAIdleReciever_Init
 .text.HAL_DMAIdleReciever_Transmit
                0x0800228c      0x116 ./Drivers/STM32F4xx_HAL_Driver/Src/stm32f4xx_hal_DMAIdleReciever.o
                0x0800228c                HAL_DMAIdleReciever_Transmit
 .text.HAL_DMAIdleRecieverEx_ReceiveToIdle_DMA
                0x080023a2       0xb2 ./Drivers/STM32F4xx_HAL_Driver/Src/stm32f4xx_hal_DMAIdleReciever.o
                0x080023a2                HAL_DMAIdleRecieverEx_ReceiveToIdle_DMA
 .text.HAL_DMAIdleReciever_IRQHandler
                0x08002454      0x554 ./Drivers/STM32F4xx_HAL_Driver/Src/stm32f4xx_hal_DMAIdleReciever.o
                0x08002454                HAL_DMAIdleReciever_IRQHandler
 .text.HAL_DMAIdleReciever_TxCpltCallback
                0x080029a8       0x14 ./Drivers/STM32F4xx_HAL_Driver/Src/stm32f4xx_hal_DMAIdleReciever.o
                0x080029a8                HAL_DMAIdleReciever_TxCpltCallback
 .text.HAL_DMAIdleReciever_RxCpltCallback
                0x080029bc       0x14 ./Drivers/STM32F4xx_HAL_Driver/Src/stm32f4xx_hal_DMAIdleReciever.o
                0x080029bc                HAL_DMAIdleReciever_RxCpltCallback
 .text.HAL_DMAIdleReciever_RxHalfCpltCallback
                0x080029d0       0x14 ./Drivers/STM32F4xx_HAL_Driver/Src/stm32f4xx_hal_DMAIdleReciever.o
                0x080029d0                HAL_DMAIdleReciever_RxHalfCpltCallback
 .text.HAL_DMAIdleReciever_ErrorCallback
                0x080029e4       0x14 ./Drivers/STM32F4xx_HAL_Driver/Src/stm32f4xx_hal_DMAIdleReciever.o
                0x080029e4                HAL_DMAIdleReciever_ErrorCallback
 .text.DMAIdleReciever_DMAReceiveCplt
                0x080029f8      0x12c ./Drivers/STM32F4xx_HAL_Driver/Src/stm32f4xx_hal_DMAIdleReciever.o
 .text.DMAIdleReciever_DMARxHalfCplt
                0x08002b24       0x3c ./Drivers/STM32F4xx_HAL_Driver/Src/stm32f4xx_hal_DMAIdleReciever.o
 .text.DMAIdleReciever_DMAError
                0x08002b60       0x94 ./Drivers/STM32F4xx_HAL_Driver/Src/stm32f4xx_hal_DMAIdleReciever.o
 .text.DMAIdleReciever_WaitOnFlagUntilTimeout
                0x08002bf4       0xb2 ./Drivers/STM32F4xx_HAL_Driver/Src/stm32f4xx_hal_DMAIdleReciever.o
 *fill*         0x08002ca6        0x2 
 .text.DMAIdleReciever_Start_Receive_DMA
                0x08002ca8      0x14c ./Drivers/STM32F4xx_HAL_Driver/Src/stm32f4xx_hal_DMAIdleReciever.o
                0x08002ca8                DMAIdleReciever_Start_Receive_DMA
 .text.DMAIdleReciever_EndTxTransfer
                0x08002df4       0x50 ./Drivers/STM32F4xx_HAL_Driver/Src/stm32f4xx_hal_DMAIdleReciever.o
 .text.DMAIdleReciever_EndRxTransfer
                0x08002e44       0xc6 ./Drivers/STM32F4xx_HAL_Driver/Src/stm32f4xx_hal_DMAIdleReciever.o
 .text.DMAIdleReciever_DMAAbortOnError
                0x08002f0a       0x22 ./Drivers/STM32F4xx_HAL_Driver/Src/stm32f4xx_hal_DMAIdleReciever.o
 .text.DMAIdleReciever_Transmit_IT
                0x08002f2c       0xa0 ./Drivers/STM32F4xx_HAL_Driver/Src/stm32f4xx_hal_DMAIdleReciever.o
 .text.DMAIdleReciever_EndTransmit_IT
                0x08002fcc       0x30 ./Drivers/STM32F4xx_HAL_Driver/Src/stm32f4xx_hal_DMAIdleReciever.o
 .text.DMAIdleReciever_Receive_IT
                0x08002ffc      0x17c ./Drivers/STM32F4xx_HAL_Driver/Src/stm32f4xx_hal_DMAIdleReciever.o
 .text.DMAIdleReciever_SetConfig
                0x08003178      0x4e8 ./Drivers/STM32F4xx_HAL_Driver/Src/stm32f4xx_hal_DMAIdleReciever.o
 .text.memset   0x08003660       0x10 C:/ST/STM32CubeIDE_1.19.0/STM32CubeIDE/plugins/com.st.stm32cube.ide.mcu.externaltools.gnu-tools-for-stm32.13.3.rel1.win32_1.0.0.202411081344/tools/bin/../lib/gcc/arm-none-eabi/13.3.1/../../../../arm-none-eabi/lib/thumb/v7e-m+fp/hard\libc_nano.a(libc_a-memset.o)
                0x08003660                memset
 .text.__libc_init_array
                0x08003670       0x48 C:/ST/STM32CubeIDE_1.19.0/STM32CubeIDE/plugins/com.st.stm32cube.ide.mcu.externaltools.gnu-tools-for-stm32.13.3.rel1.win32_1.0.0.202411081344/tools/bin/../lib/gcc/arm-none-eabi/13.3.1/../../../../arm-none-eabi/lib/thumb/v7e-m+fp/hard\libc_nano.a(libc_a-init.o)
                0x08003670                __libc_init_array
 .text.memcpy   0x080036b8       0x1c C:/ST/STM32CubeIDE_1.19.0/STM32CubeIDE/plugins/com.st.stm32cube.ide.mcu.externaltools.gnu-tools-for-stm32.13.3.rel1.win32_1.0.0.202411081344/tools/bin/../lib/gcc/arm-none-eabi/13.3.1/../../../../arm-none-eabi/lib/thumb/v7e-m+fp/hard\libc_nano.a(libc_a-memcpy-stub.o)
                0x080036b8                memcpy
 *(.glue_7)
 .glue_7        0x080036d4        0x0 linker stubs
 *(.glue_7t)
 .glue_7t       0x080036d4        0x0 linker stubs
 *(.eh_frame)
 .eh_frame      0x080036d4        0x0 C:/ST/STM32CubeIDE_1.19.0/STM32CubeIDE/plugins/com.st.stm32cube.ide.mcu.externaltools.gnu-tools-for-stm32.13.3.rel1.win32_1.0.0.202411081344/tools/bin/../lib/gcc/arm-none-eabi/13.3.1/thumb/v7e-m+fp/hard/crtbegin.o
 *(.init)
 .init          0x080036d4        0x4 C:/ST/STM32CubeIDE_1.19.0/STM32CubeIDE/plugins/com.st.stm32cube.ide.mcu.externaltools.gnu-tools-for-stm32.13.3.rel1.win32_1.0.0.202411081344/tools/bin/../lib/gcc/arm-none-eabi/13.3.1/thumb/v7e-m+fp/hard/crti.o
                0x080036d4                _init
 .init          0x080036d8        0x8 C:/ST/STM32CubeIDE_1.19.0/STM32CubeIDE/plugins/com.st.stm32cube.ide.mcu.externaltools.gnu-tools-for-stm32.13.3.rel1.win32_1.0.0.202411081344/tools/bin/../lib/gcc/arm-none-eabi/13.3.1/thumb/v7e-m+fp/hard/crtn.o
 *(.fini)
 .fini          0x080036e0        0x4 C:/ST/STM32CubeIDE_1.19.0/STM32CubeIDE/plugins/com.st.stm32cube.ide.mcu.externaltools.gnu-tools-for-stm32.13.3.rel1.win32_1.0.0.202411081344/tools/bin/../lib/gcc/arm-none-eabi/13.3.1/thumb/v7e-m+fp/hard/crti.o
                0x080036e0                _fini
 .fini          0x080036e4        0x8 C:/ST/STM32CubeIDE_1.19.0/STM32CubeIDE/plugins/com.st.stm32cube.ide.mcu.externaltools.gnu-tools-for-stm32.13.3.rel1.win32_1.0.0.202411081344/tools/bin/../lib/gcc/arm-none-eabi/13.3.1/thumb/v7e-m+fp/hard/crtn.o
                0x080036ec                        . = ALIGN (0x4)
                0x080036ec                        _etext = .

.vfp11_veneer   0x080036ec        0x0
 .vfp11_veneer  0x080036ec        0x0 linker stubs

.v4_bx          0x080036ec        0x0
 .v4_bx         0x080036ec        0x0 linker stubs

.iplt           0x080036ec        0x0
 .iplt          0x080036ec        0x0 C:/ST/STM32CubeIDE_1.19.0/STM32CubeIDE/plugins/com.st.stm32cube.ide.mcu.externaltools.gnu-tools-for-stm32.13.3.rel1.win32_1.0.0.202411081344/tools/bin/../lib/gcc/arm-none-eabi/13.3.1/thumb/v7e-m+fp/hard/crtbegin.o

.rodata         0x080036ec       0x28
                0x080036ec                        . = ALIGN (0x4)
 *(.rodata)
 .rodata        0x080036ec        0x8 ./Core/Src/main.o
 *(.rodata*)
 .rodata.AHBPrescTable
                0x080036f4       0x10 ./Core/Src/system_stm32f4xx.o
                0x080036f4                AHBPrescTable
 .rodata.APBPrescTable
                0x08003704        0x8 ./Core/Src/system_stm32f4xx.o
                0x08003704                APBPrescTable
 .rodata.flagBitshiftOffset.0
                0x0800370c        0x8 ./Drivers/STM32F4xx_HAL_Driver/Src/stm32f4xx_hal_dma.o
                0x08003714                        . = ALIGN (0x4)

.ARM.extab      0x08003714        0x0
                0x08003714                        . = ALIGN (0x4)
 *(.ARM.extab* .gnu.linkonce.armextab.*)
                0x08003714                        . = ALIGN (0x4)

.ARM            0x08003714        0x8
                0x08003714                        . = ALIGN (0x4)
                0x08003714                        __exidx_start = .
 *(.ARM.exidx*)
 .ARM.exidx     0x08003714        0x8 C:/ST/STM32CubeIDE_1.19.0/STM32CubeIDE/plugins/com.st.stm32cube.ide.mcu.externaltools.gnu-tools-for-stm32.13.3.rel1.win32_1.0.0.202411081344/tools/bin/../lib/gcc/arm-none-eabi/13.3.1/thumb/v7e-m+fp/hard\libgcc.a(_udivmoddi4.o)
                0x0800371c                        __exidx_end = .
                0x0800371c                        . = ALIGN (0x4)

.preinit_array  0x0800371c        0x0
                0x0800371c                        . = ALIGN (0x4)
                0x0800371c                        PROVIDE (__preinit_array_start = .)
 *(.preinit_array*)
                0x0800371c                        PROVIDE (__preinit_array_end = .)
                0x0800371c                        . = ALIGN (0x4)

.init_array     0x0800371c        0x4
                0x0800371c                        . = ALIGN (0x4)
                0x0800371c                        PROVIDE (__init_array_start = .)
 *(SORT_BY_NAME(.init_array.*))
 *(.init_array*)
 .init_array    0x0800371c        0x4 C:/ST/STM32CubeIDE_1.19.0/STM32CubeIDE/plugins/com.st.stm32cube.ide.mcu.externaltools.gnu-tools-for-stm32.13.3.rel1.win32_1.0.0.202411081344/tools/bin/../lib/gcc/arm-none-eabi/13.3.1/thumb/v7e-m+fp/hard/crtbegin.o
                0x08003720                        PROVIDE (__init_array_end = .)
                0x08003720                        . = ALIGN (0x4)

.fini_array     0x08003720        0x4
                0x08003720                        . = ALIGN (0x4)
                [!provide]                        PROVIDE (__fini_array_start = .)
 *(SORT_BY_NAME(.fini_array.*))
 *(.fini_array*)
 .fini_array    0x08003720        0x4 C:/ST/STM32CubeIDE_1.19.0/STM32CubeIDE/plugins/com.st.stm32cube.ide.mcu.externaltools.gnu-tools-for-stm32.13.3.rel1.win32_1.0.0.202411081344/tools/bin/../lib/gcc/arm-none-eabi/13.3.1/thumb/v7e-m+fp/hard/crtbegin.o
                [!provide]                        PROVIDE (__fini_array_end = .)
                0x08003724                        . = ALIGN (0x4)
                0x08003724                        _sidata = LOADADDR (.data)

.rel.dyn        0x08003724        0x0
 .rel.iplt      0x08003724        0x0 C:/ST/STM32CubeIDE_1.19.0/STM32CubeIDE/plugins/com.st.stm32cube.ide.mcu.externaltools.gnu-tools-for-stm32.13.3.rel1.win32_1.0.0.202411081344/tools/bin/../lib/gcc/arm-none-eabi/13.3.1/thumb/v7e-m+fp/hard/crtbegin.o

.data           0x20000000        0xc load address 0x08003724
                0x20000000                        . = ALIGN (0x4)
                0x20000000                        _sdata = .
 *(.data)
 *(.data*)
 .data.SystemCoreClock
                0x20000000        0x4 ./Core/Src/system_stm32f4xx.o
                0x20000000                SystemCoreClock
 .data.uwTickPrio
                0x20000004        0x4 ./Drivers/STM32F4xx_HAL_Driver/Src/stm32f4xx_hal.o
                0x20000004                uwTickPrio
 .data.uwTickFreq
                0x20000008        0x1 ./Drivers/STM32F4xx_HAL_Driver/Src/stm32f4xx_hal.o
                0x20000008                uwTickFreq
 *(.RamFunc)
 *(.RamFunc*)
                0x2000000c                        . = ALIGN (0x4)
 *fill*         0x20000009        0x3 
                0x2000000c                        _edata = .
                0x08003730                        _siccmram = LOADADDR (.ccmram)

.igot.plt       0x2000000c        0x0 load address 0x08003730
 .igot.plt      0x2000000c        0x0 C:/ST/STM32CubeIDE_1.19.0/STM32CubeIDE/plugins/com.st.stm32cube.ide.mcu.externaltools.gnu-tools-for-stm32.13.3.rel1.win32_1.0.0.202411081344/tools/bin/../lib/gcc/arm-none-eabi/13.3.1/thumb/v7e-m+fp/hard/crtbegin.o

.ccmram         0x10000000        0x0 load address 0x08003730
                0x10000000                        . = ALIGN (0x4)
                0x10000000                        _sccmram = .
 *(.ccmram)
 *(.ccmram*)
                0x10000000                        . = ALIGN (0x4)
                0x10000000                        _eccmram = .
                0x10000000                        . = ALIGN (0x4)

.bss            0x2000000c     0x11dc
                0x2000000c                        _sbss = .
                0x2000000c                        __bss_start__ = _sbss
 *(.bss)
 .bss           0x2000000c       0x1c C:/ST/STM32CubeIDE_1.19.0/STM32CubeIDE/plugins/com.st.stm32cube.ide.mcu.externaltools.gnu-tools-for-stm32.13.3.rel1.win32_1.0.0.202411081344/tools/bin/../lib/gcc/arm-none-eabi/13.3.1/thumb/v7e-m+fp/hard/crtbegin.o
 *(.bss*)
 .bss.hDMAIdleReciever1    0x20000028       0x48 ./Core/Src/main.o
                0x20000028                hDMAIdleReciever1
 .bss.hdma_usart1_rx
                0x20000070       0x60 ./Core/Src/main.o
                0x20000070                hdma_usart1_rx
 .bss.RxData    0x200000d0      0x100 ./Core/Src/main.o
                0x200000d0                RxData
 .bss.FinalBuf  0x200001d0     0x1000 ./Core/Src/main.o
                0x200001d0                FinalBuf
 .bss.indx1     0x200011d0        0x2 ./Core/Src/main.o
                0x200011d0                indx1
 .bss.indx2     0x200011d2        0x2 ./Core/Src/main.o
                0x200011d2                indx2
 .bss.rxcplt    0x200011d4        0x2 ./Core/Src/main.o
                0x200011d4                rxcplt
 *fill*         0x200011d6        0x2 
 .bss.count     0x200011d8        0x4 ./Core/Src/main.o
                0x200011d8                count
 .bss.enable_timer
                0x200011dc        0x4 ./Core/Src/main.o
                0x200011dc                enable_timer
 .bss.timer     0x200011e0        0x2 ./Core/Src/main.o
                0x200011e0                timer
 *fill*         0x200011e2        0x2 
 .bss.uwTick    0x200011e4        0x4 ./Drivers/STM32F4xx_HAL_Driver/Src/stm32f4xx_hal.o
                0x200011e4                uwTick
 *(COMMON)
                0x200011e8                        . = ALIGN (0x4)
                0x200011e8                        _ebss = .
                0x200011e8                        __bss_end__ = _ebss

._user_heap_stack
                0x200011e8      0x600
                0x200011e8                        . = ALIGN (0x8)
                [!provide]                        PROVIDE (end = .)
                0x200011e8                        PROVIDE (_end = .)
                0x200013e8                        . = (. + _Min_Heap_Size)
 *fill*         0x200011e8      0x200 
                0x200017e8                        . = (. + _Min_Stack_Size)
 *fill*         0x200013e8      0x400 
                0x200017e8                        . = ALIGN (0x8)

/DISCARD/
 libc.a(*)
 libm.a(*)
 libgcc.a(*)

.ARM.attributes
                0x00000000       0x30
 *(.ARM.attributes)
 .ARM.attributes
                0x00000000       0x22 C:/ST/STM32CubeIDE_1.19.0/STM32CubeIDE/plugins/com.st.stm32cube.ide.mcu.externaltools.gnu-tools-for-stm32.13.3.rel1.win32_1.0.0.202411081344/tools/bin/../lib/gcc/arm-none-eabi/13.3.1/thumb/v7e-m+fp/hard/crti.o
 .ARM.attributes
                0x00000022       0x34 C:/ST/STM32CubeIDE_1.19.0/STM32CubeIDE/plugins/com.st.stm32cube.ide.mcu.externaltools.gnu-tools-for-stm32.13.3.rel1.win32_1.0.0.202411081344/tools/bin/../lib/gcc/arm-none-eabi/13.3.1/thumb/v7e-m+fp/hard/crtbegin.o
 .ARM.attributes
                0x00000056       0x34 ./Core/Src/main.o
 .ARM.attributes
                0x0000008a       0x34 ./Core/Src/stm32f4xx_hal_msp.o
 .ARM.attributes
                0x000000be       0x34 ./Core/Src/stm32f4xx_it.o
 .ARM.attributes
                0x000000f2       0x34 ./Core/Src/system_stm32f4xx.o
 .ARM.attributes
                0x00000126       0x21 ./Core/Startup/startup_stm32f429zitx.o
 .ARM.attributes
                0x00000147       0x34 ./Drivers/STM32F4xx_HAL_Driver/Src/stm32f4xx_hal.o
 .ARM.attributes
                0x0000017b       0x34 ./Drivers/STM32F4xx_HAL_Driver/Src/stm32f4xx_hal_cortex.o
 .ARM.attributes
                0x000001af       0x34 ./Drivers/STM32F4xx_HAL_Driver/Src/stm32f4xx_hal_dma.o
 .ARM.attributes
                0x000001e3       0x34 ./Drivers/STM32F4xx_HAL_Driver/Src/stm32f4xx_hal_gpio.o
 .ARM.attributes
                0x00000217       0x34 ./Drivers/STM32F4xx_HAL_Driver/Src/stm32f4xx_hal_rcc.o
 .ARM.attributes
                0x0000024b       0x34 ./Drivers/STM32F4xx_HAL_Driver/Src/stm32f4xx_hal_DMAIdleReciever.o
 .ARM.attributes
                0x0000027f       0x34 C:/ST/STM32CubeIDE_1.19.0/STM32CubeIDE/plugins/com.st.stm32cube.ide.mcu.externaltools.gnu-tools-for-stm32.13.3.rel1.win32_1.0.0.202411081344/tools/bin/../lib/gcc/arm-none-eabi/13.3.1/../../../../arm-none-eabi/lib/thumb/v7e-m+fp/hard\libc_nano.a(libc_a-memset.o)
 .ARM.attributes
                0x000002b3       0x34 C:/ST/STM32CubeIDE_1.19.0/STM32CubeIDE/plugins/com.st.stm32cube.ide.mcu.externaltools.gnu-tools-for-stm32.13.3.rel1.win32_1.0.0.202411081344/tools/bin/../lib/gcc/arm-none-eabi/13.3.1/../../../../arm-none-eabi/lib/thumb/v7e-m+fp/hard\libc_nano.a(libc_a-init.o)
 .ARM.attributes
                0x000002e7       0x34 C:/ST/STM32CubeIDE_1.19.0/STM32CubeIDE/plugins/com.st.stm32cube.ide.mcu.externaltools.gnu-tools-for-stm32.13.3.rel1.win32_1.0.0.202411081344/tools/bin/../lib/gcc/arm-none-eabi/13.3.1/../../../../arm-none-eabi/lib/thumb/v7e-m+fp/hard\libc_nano.a(libc_a-memcpy-stub.o)
 .ARM.attributes
                0x0000031b       0x22 C:/ST/STM32CubeIDE_1.19.0/STM32CubeIDE/plugins/com.st.stm32cube.ide.mcu.externaltools.gnu-tools-for-stm32.13.3.rel1.win32_1.0.0.202411081344/tools/bin/../lib/gcc/arm-none-eabi/13.3.1/thumb/v7e-m+fp/hard\libgcc.a(_aeabi_uldivmod.o)
 .ARM.attributes
                0x0000033d       0x34 C:/ST/STM32CubeIDE_1.19.0/STM32CubeIDE/plugins/com.st.stm32cube.ide.mcu.externaltools.gnu-tools-for-stm32.13.3.rel1.win32_1.0.0.202411081344/tools/bin/../lib/gcc/arm-none-eabi/13.3.1/thumb/v7e-m+fp/hard\libgcc.a(_udivmoddi4.o)
 .ARM.attributes
                0x00000371       0x22 C:/ST/STM32CubeIDE_1.19.0/STM32CubeIDE/plugins/com.st.stm32cube.ide.mcu.externaltools.gnu-tools-for-stm32.13.3.rel1.win32_1.0.0.202411081344/tools/bin/../lib/gcc/arm-none-eabi/13.3.1/thumb/v7e-m+fp/hard\libgcc.a(_dvmd_tls.o)
 .ARM.attributes
                0x00000393       0x22 C:/ST/STM32CubeIDE_1.19.0/STM32CubeIDE/plugins/com.st.stm32cube.ide.mcu.externaltools.gnu-tools-for-stm32.13.3.rel1.win32_1.0.0.202411081344/tools/bin/../lib/gcc/arm-none-eabi/13.3.1/thumb/v7e-m+fp/hard/crtn.o
OUTPUT(DMAIdleReciever.elf elf32-littlearm)
LOAD linker stubs
LOAD C:/ST/STM32CubeIDE_1.19.0/STM32CubeIDE/plugins/com.st.stm32cube.ide.mcu.externaltools.gnu-tools-for-stm32.13.3.rel1.win32_1.0.0.202411081344/tools/bin/../lib/gcc/arm-none-eabi/13.3.1/../../../../arm-none-eabi/lib/thumb/v7e-m+fp/hard\libc.a
LOAD C:/ST/STM32CubeIDE_1.19.0/STM32CubeIDE/plugins/com.st.stm32cube.ide.mcu.externaltools.gnu-tools-for-stm32.13.3.rel1.win32_1.0.0.202411081344/tools/bin/../lib/gcc/arm-none-eabi/13.3.1/../../../../arm-none-eabi/lib/thumb/v7e-m+fp/hard\libm.a
LOAD C:/ST/STM32CubeIDE_1.19.0/STM32CubeIDE/plugins/com.st.stm32cube.ide.mcu.externaltools.gnu-tools-for-stm32.13.3.rel1.win32_1.0.0.202411081344/tools/bin/../lib/gcc/arm-none-eabi/13.3.1/thumb/v7e-m+fp/hard\libgcc.a

.debug_info     0x00000000     0x85a4
 .debug_info    0x00000000      0xe4d ./Core/Src/main.o
 .debug_info    0x00000e4d      0xc15 ./Core/Src/stm32f4xx_hal_msp.o
 .debug_info    0x00001a62      0x67c ./Core/Src/stm32f4xx_it.o
 .debug_info    0x000020de      0x52e ./Core/Src/system_stm32f4xx.o
 .debug_info    0x0000260c       0x30 ./Core/Startup/startup_stm32f429zitx.o
 .debug_info    0x0000263c      0x9ba ./Drivers/STM32F4xx_HAL_Driver/Src/stm32f4xx_hal.o
 .debug_info    0x00002ff6      0xdc2 ./Drivers/STM32F4xx_HAL_Driver/Src/stm32f4xx_hal_cortex.o
 .debug_info    0x00003db8      0x8e7 ./Drivers/STM32F4xx_HAL_Driver/Src/stm32f4xx_hal_dma.o
 .debug_info    0x0000469f      0x6db ./Drivers/STM32F4xx_HAL_Driver/Src/stm32f4xx_hal_gpio.o
 .debug_info    0x00004d7a      0x8db ./Drivers/STM32F4xx_HAL_Driver/Src/stm32f4xx_hal_rcc.o
 .debug_info    0x00005655     0x2f4f ./Drivers/STM32F4xx_HAL_Driver/Src/stm32f4xx_hal_DMAIdleReciever.o

.debug_abbrev   0x00000000     0x16a2
 .debug_abbrev  0x00000000      0x2b5 ./Core/Src/main.o
 .debug_abbrev  0x000002b5      0x20b ./Core/Src/stm32f4xx_hal_msp.o
 .debug_abbrev  0x000004c0      0x176 ./Core/Src/stm32f4xx_it.o
 .debug_abbrev  0x00000636      0x11a ./Core/Src/system_stm32f4xx.o
 .debug_abbrev  0x00000750       0x24 ./Core/Startup/startup_stm32f429zitx.o
 .debug_abbrev  0x00000774      0x214 ./Drivers/STM32F4xx_HAL_Driver/Src/stm32f4xx_hal.o
 .debug_abbrev  0x00000988      0x31d ./Drivers/STM32F4xx_HAL_Driver/Src/stm32f4xx_hal_cortex.o
 .debug_abbrev  0x00000ca5      0x264 ./Drivers/STM32F4xx_HAL_Driver/Src/stm32f4xx_hal_dma.o
 .debug_abbrev  0x00000f09      0x1d4 ./Drivers/STM32F4xx_HAL_Driver/Src/stm32f4xx_hal_gpio.o
 .debug_abbrev  0x000010dd      0x2b7 ./Drivers/STM32F4xx_HAL_Driver/Src/stm32f4xx_hal_rcc.o
 .debug_abbrev  0x00001394      0x30e ./Drivers/STM32F4xx_HAL_Driver/Src/stm32f4xx_hal_DMAIdleReciever.o

.debug_aranges  0x00000000      0x6e8
 .debug_aranges
                0x00000000       0x50 ./Core/Src/main.o
 .debug_aranges
                0x00000050       0x30 ./Core/Src/stm32f4xx_hal_msp.o
 .debug_aranges
                0x00000080       0x70 ./Core/Src/stm32f4xx_it.o
 .debug_aranges
                0x000000f0       0x28 ./Core/Src/system_stm32f4xx.o
 .debug_aranges
                0x00000118       0x28 ./Core/Startup/startup_stm32f429zitx.o
 .debug_aranges
                0x00000140      0x100 ./Drivers/STM32F4xx_HAL_Driver/Src/stm32f4xx_hal.o
 .debug_aranges
                0x00000240      0x130 ./Drivers/STM32F4xx_HAL_Driver/Src/stm32f4xx_hal_cortex.o
 .debug_aranges
                0x00000370       0x90 ./Drivers/STM32F4xx_HAL_Driver/Src/stm32f4xx_hal_dma.o
 .debug_aranges
                0x00000400       0x58 ./Drivers/STM32F4xx_HAL_Driver/Src/stm32f4xx_hal_gpio.o
 .debug_aranges
                0x00000458       0x88 ./Drivers/STM32F4xx_HAL_Driver/Src/stm32f4xx_hal_rcc.o
 .debug_aranges
                0x000004e0      0x208 ./Drivers/STM32F4xx_HAL_Driver/Src/stm32f4xx_hal_DMAIdleReciever.o

.debug_rnglists
                0x00000000      0x547
 .debug_rnglists
                0x00000000       0x39 ./Core/Src/main.o
 .debug_rnglists
                0x00000039       0x20 ./Core/Src/stm32f4xx_hal_msp.o
 .debug_rnglists
                0x00000059       0x4f ./Core/Src/stm32f4xx_it.o
 .debug_rnglists
                0x000000a8       0x1a ./Core/Src/system_stm32f4xx.o
 .debug_rnglists
                0x000000c2       0x19 ./Core/Startup/startup_stm32f429zitx.o
 .debug_rnglists
                0x000000db       0xbb ./Drivers/STM32F4xx_HAL_Driver/Src/stm32f4xx_hal.o
 .debug_rnglists
                0x00000196       0xe0 ./Drivers/STM32F4xx_HAL_Driver/Src/stm32f4xx_hal_cortex.o
 .debug_rnglists
                0x00000276       0x70 ./Drivers/STM32F4xx_HAL_Driver/Src/stm32f4xx_hal_dma.o
 .debug_rnglists
                0x000002e6       0x3f ./Drivers/STM32F4xx_HAL_Driver/Src/stm32f4xx_hal_gpio.o
 .debug_rnglists
                0x00000325       0x66 ./Drivers/STM32F4xx_HAL_Driver/Src/stm32f4xx_hal_rcc.o
 .debug_rnglists
                0x0000038b      0x1bc ./Drivers/STM32F4xx_HAL_Driver/Src/stm32f4xx_hal_DMAIdleReciever.o

.debug_macro    0x00000000    0x226bd
 .debug_macro   0x00000000      0x2d2 ./Core/Src/main.o
 .debug_macro   0x000002d2      0xad8 ./Core/Src/main.o
 .debug_macro   0x00000daa      0x295 ./Core/Src/main.o
 .debug_macro   0x0000103f       0x2e ./Core/Src/main.o
 .debug_macro   0x0000106d       0x28 ./Core/Src/main.o
 .debug_macro   0x00001095       0x22 ./Core/Src/main.o
 .debug_macro   0x000010b7       0x8e ./Core/Src/main.o
 .debug_macro   0x00001145       0x51 ./Core/Src/main.o
 .debug_macro   0x00001196      0x103 ./Core/Src/main.o
 .debug_macro   0x00001299       0x6a ./Core/Src/main.o
 .debug_macro   0x00001303      0x1df ./Core/Src/main.o
 .debug_macro   0x000014e2       0x1c ./Core/Src/main.o
 .debug_macro   0x000014fe       0x22 ./Core/Src/main.o
 .debug_macro   0x00001520       0xfb ./Core/Src/main.o
 .debug_macro   0x0000161b     0x1011 ./Core/Src/main.o
 .debug_macro   0x0000262c      0x11f ./Core/Src/main.o
 .debug_macro   0x0000274b    0x17ff1 ./Core/Src/main.o
 .debug_macro   0x0001a73c       0x6d ./Core/Src/main.o
 .debug_macro   0x0001a7a9     0x370a ./Core/Src/main.o
 .debug_macro   0x0001deb3      0x190 ./Core/Src/main.o
 .debug_macro   0x0001e043       0x5c ./Core/Src/main.o
 .debug_macro   0x0001e09f      0xcba ./Core/Src/main.o
 .debug_macro   0x0001ed59      0x9e9 ./Core/Src/main.o
 .debug_macro   0x0001f742      0x115 ./Core/Src/main.o
 .debug_macro   0x0001f857      0x156 ./Core/Src/main.o
 .debug_macro   0x0001f9ad       0xa5 ./Core/Src/main.o
 .debug_macro   0x0001fa52      0x182 ./Core/Src/main.o
 .debug_macro   0x0001fbd4      0x287 ./Core/Src/main.o
 .debug_macro   0x0001fe5b       0x5f ./Core/Src/main.o
 .debug_macro   0x0001feba      0x236 ./Core/Src/main.o
 .debug_macro   0x000200f0      0x132 ./Core/Src/main.o
 .debug_macro   0x00020222      0x41d ./Core/Src/main.o
 .debug_macro   0x0002063f       0x2e ./Core/Src/main.o
 .debug_macro   0x0002066d      0x127 ./Core/Src/main.o
 .debug_macro   0x00020794       0xe2 ./Core/Src/main.o
 .debug_macro   0x00020876       0x89 ./Core/Src/main.o
 .debug_macro   0x000208ff      0x2aa ./Core/Src/main.o
 .debug_macro   0x00020ba9      0x134 ./Core/Src/main.o
 .debug_macro   0x00020cdd       0x61 ./Core/Src/main.o
 .debug_macro   0x00020d3e       0x2a ./Core/Src/main.o
 .debug_macro   0x00020d68       0x43 ./Core/Src/main.o
 .debug_macro   0x00020dab       0x34 ./Core/Src/main.o
 .debug_macro   0x00020ddf       0x16 ./Core/Src/main.o
 .debug_macro   0x00020df5       0x3c ./Core/Src/main.o
 .debug_macro   0x00020e31      0x370 ./Core/Src/main.o
 .debug_macro   0x000211a1       0x10 ./Core/Src/main.o
 .debug_macro   0x000211b1       0x16 ./Core/Src/main.o
 .debug_macro   0x000211c7       0x4a ./Core/Src/main.o
 .debug_macro   0x00021211       0x34 ./Core/Src/main.o
 .debug_macro   0x00021245       0x10 ./Core/Src/main.o
 .debug_macro   0x00021255       0x58 ./Core/Src/main.o
 .debug_macro   0x000212ad       0x8e ./Core/Src/main.o
 .debug_macro   0x0002133b       0x1c ./Core/Src/main.o
 .debug_macro   0x00021357      0x185 ./Core/Src/main.o
 .debug_macro   0x000214dc       0x16 ./Core/Src/main.o
 .debug_macro   0x000214f2       0x16 ./Core/Src/main.o
 .debug_macro   0x00021508      0x146 ./Core/Src/main.o
 .debug_macro   0x0002164e       0x16 ./Core/Src/main.o
 .debug_macro   0x00021664       0x20 ./Core/Src/main.o
 .debug_macro   0x00021684      0x1c4 ./Core/Src/stm32f4xx_hal_msp.o
 .debug_macro   0x00021848      0x1ce ./Core/Src/stm32f4xx_it.o
 .debug_macro   0x00021a16      0x1ba ./Core/Src/system_stm32f4xx.o
 .debug_macro   0x00021bd0      0x21a ./Drivers/STM32F4xx_HAL_Driver/Src/stm32f4xx_hal.o
 .debug_macro   0x00021dea      0x1ba ./Drivers/STM32F4xx_HAL_Driver/Src/stm32f4xx_hal_cortex.o
 .debug_macro   0x00021fa4      0x1c0 ./Drivers/STM32F4xx_HAL_Driver/Src/stm32f4xx_hal_dma.o
 .debug_macro   0x00022164      0x1c0 ./Drivers/STM32F4xx_HAL_Driver/Src/stm32f4xx_hal_gpio.o
 .debug_macro   0x00022324      0x1de ./Drivers/STM32F4xx_HAL_Driver/Src/stm32f4xx_hal_rcc.o
 .debug_macro   0x00022502      0x1bb ./Drivers/STM32F4xx_HAL_Driver/Src/stm32f4xx_hal_DMAIdleReciever.o

.debug_line     0x00000000     0x86ca
 .debug_line    0x00000000      0x9c0 ./Core/Src/main.o
 .debug_line    0x000009c0      0x791 ./Core/Src/stm32f4xx_hal_msp.o
 .debug_line    0x00001151      0x801 ./Core/Src/stm32f4xx_it.o
 .debug_line    0x00001952      0x78b ./Core/Src/system_stm32f4xx.o
 .debug_line    0x000020dd       0x7a ./Core/Startup/startup_stm32f429zitx.o
 .debug_line    0x00002157      0xa3d ./Drivers/STM32F4xx_HAL_Driver/Src/stm32f4xx_hal.o
 .debug_line    0x00002b94      0xcd7 ./Drivers/STM32F4xx_HAL_Driver/Src/stm32f4xx_hal_cortex.o
 .debug_line    0x0000386b      0xf73 ./Drivers/STM32F4xx_HAL_Driver/Src/stm32f4xx_hal_dma.o
 .debug_line    0x000047de      0xb87 ./Drivers/STM32F4xx_HAL_Driver/Src/stm32f4xx_hal_gpio.o
 .debug_line    0x00005365      0xe16 ./Drivers/STM32F4xx_HAL_Driver/Src/stm32f4xx_hal_rcc.o
 .debug_line    0x0000617b     0x254f ./Drivers/STM32F4xx_HAL_Driver/Src/stm32f4xx_hal_DMAIdleReciever.o

.debug_str      0x00000000    0xd18c5
 .debug_str     0x00000000    0xd18c5 ./Core/Src/main.o
                              0xd0288 (size before relaxing)
 .debug_str     0x000d18c5    0xcc90e ./Core/Src/stm32f4xx_hal_msp.o
 .debug_str     0x000d18c5    0xcc256 ./Core/Src/stm32f4xx_it.o
 .debug_str     0x000d18c5    0xcbe96 ./Core/Src/system_stm32f4xx.o
 .debug_str     0x000d18c5       0x7c ./Core/Startup/startup_stm32f429zitx.o
 .debug_str     0x000d18c5    0xccab9 ./Drivers/STM32F4xx_HAL_Driver/Src/stm32f4xx_hal.o
 .debug_str     0x000d18c5    0xcc7e7 ./Drivers/STM32F4xx_HAL_Driver/Src/stm32f4xx_hal_cortex.o
 .debug_str     0x000d18c5    0xcc29d ./Drivers/STM32F4xx_HAL_Driver/Src/stm32f4xx_hal_dma.o
 .debug_str     0x000d18c5    0xcc011 ./Drivers/STM32F4xx_HAL_Driver/Src/stm32f4xx_hal_gpio.o
 .debug_str     0x000d18c5    0xcc2ca ./Drivers/STM32F4xx_HAL_Driver/Src/stm32f4xx_hal_rcc.o
 .debug_str     0x000d18c5    0xcc898 ./Drivers/STM32F4xx_HAL_Driver/Src/stm32f4xx_hal_DMAIdleReciever.o

.comment        0x00000000       0x43
 .comment       0x00000000       0x43 ./Core/Src/main.o
                                 0x44 (size before relaxing)
 .comment       0x00000043       0x44 ./Core/Src/stm32f4xx_hal_msp.o
 .comment       0x00000043       0x44 ./Core/Src/stm32f4xx_it.o
 .comment       0x00000043       0x44 ./Core/Src/system_stm32f4xx.o
 .comment       0x00000043       0x44 ./Drivers/STM32F4xx_HAL_Driver/Src/stm32f4xx_hal.o
 .comment       0x00000043       0x44 ./Drivers/STM32F4xx_HAL_Driver/Src/stm32f4xx_hal_cortex.o
 .comment       0x00000043       0x44 ./Drivers/STM32F4xx_HAL_Driver/Src/stm32f4xx_hal_dma.o
 .comment       0x00000043       0x44 ./Drivers/STM32F4xx_HAL_Driver/Src/stm32f4xx_hal_gpio.o
 .comment       0x00000043       0x44 ./Drivers/STM32F4xx_HAL_Driver/Src/stm32f4xx_hal_rcc.o
 .comment       0x00000043       0x44 ./Drivers/STM32F4xx_HAL_Driver/Src/stm32f4xx_hal_DMAIdleReciever.o

.debug_frame    0x00000000     0x1b7c
 .debug_frame   0x00000000       0xf4 ./Core/Src/main.o
 .debug_frame   0x000000f4       0x80 ./Core/Src/stm32f4xx_hal_msp.o
 .debug_frame   0x00000174      0x13c ./Core/Src/stm32f4xx_it.o
 .debug_frame   0x000002b0       0x58 ./Core/Src/system_stm32f4xx.o
 .debug_frame   0x00000308      0x3b4 ./Drivers/STM32F4xx_HAL_Driver/Src/stm32f4xx_hal.o
 .debug_frame   0x000006bc      0x508 ./Drivers/STM32F4xx_HAL_Driver/Src/stm32f4xx_hal_cortex.o
 .debug_frame   0x00000bc4      0x250 ./Drivers/STM32F4xx_HAL_Driver/Src/stm32f4xx_hal_dma.o
 .debug_frame   0x00000e14      0x14c ./Drivers/STM32F4xx_HAL_Driver/Src/stm32f4xx_hal_gpio.o
 .debug_frame   0x00000f60      0x1f4 ./Drivers/STM32F4xx_HAL_Driver/Src/stm32f4xx_hal_rcc.o
 .debug_frame   0x00001154      0x954 ./Drivers/STM32F4xx_HAL_Driver/Src/stm32f4xx_hal_DMAIdleReciever.o
 .debug_frame   0x00001aa8       0x20 C:/ST/STM32CubeIDE_1.19.0/STM32CubeIDE/plugins/com.st.stm32cube.ide.mcu.externaltools.gnu-tools-for-stm32.13.3.rel1.win32_1.0.0.202411081344/tools/bin/../lib/gcc/arm-none-eabi/13.3.1/../../../../arm-none-eabi/lib/thumb/v7e-m+fp/hard\libc_nano.a(libc_a-memset.o)
 .debug_frame   0x00001ac8       0x2c C:/ST/STM32CubeIDE_1.19.0/STM32CubeIDE/plugins/com.st.stm32cube.ide.mcu.externaltools.gnu-tools-for-stm32.13.3.rel1.win32_1.0.0.202411081344/tools/bin/../lib/gcc/arm-none-eabi/13.3.1/../../../../arm-none-eabi/lib/thumb/v7e-m+fp/hard\libc_nano.a(libc_a-init.o)
 .debug_frame   0x00001af4       0x28 C:/ST/STM32CubeIDE_1.19.0/STM32CubeIDE/plugins/com.st.stm32cube.ide.mcu.externaltools.gnu-tools-for-stm32.13.3.rel1.win32_1.0.0.202411081344/tools/bin/../lib/gcc/arm-none-eabi/13.3.1/../../../../arm-none-eabi/lib/thumb/v7e-m+fp/hard\libc_nano.a(libc_a-memcpy-stub.o)
 .debug_frame   0x00001b1c       0x2c C:/ST/STM32CubeIDE_1.19.0/STM32CubeIDE/plugins/com.st.stm32cube.ide.mcu.externaltools.gnu-tools-for-stm32.13.3.rel1.win32_1.0.0.202411081344/tools/bin/../lib/gcc/arm-none-eabi/13.3.1/thumb/v7e-m+fp/hard\libgcc.a(_aeabi_uldivmod.o)
 .debug_frame   0x00001b48       0x34 C:/ST/STM32CubeIDE_1.19.0/STM32CubeIDE/plugins/com.st.stm32cube.ide.mcu.externaltools.gnu-tools-for-stm32.13.3.rel1.win32_1.0.0.202411081344/tools/bin/../lib/gcc/arm-none-eabi/13.3.1/thumb/v7e-m+fp/hard\libgcc.a(_udivmoddi4.o)

.debug_line_str
                0x00000000       0x60
 .debug_line_str
                0x00000000       0x60 ./Core/Startup/startup_stm32f429zitx.o
