../Drivers/STM32F4xx_HAL_Driver/Src/stm32f4xx_hal_DMAIdleReciever.c:357:19:HAL_DMAIdleReciever_Init	16	static
../Drivers/STM32F4xx_HAL_Driver/Src/stm32f4xx_hal_DMAIdleReciever.c:435:19:HAL_HalfDuplex_Init	16	static
../Drivers/STM32F4xx_HAL_Driver/Src/stm32f4xx_hal_DMAIdleReciever.c:509:19:HAL_LIN_Init	16	static
../Drivers/STM32F4xx_HAL_Driver/Src/stm32f4xx_hal_DMAIdleReciever.c:591:19:HAL_MultiProcessor_Init	24	static
../Drivers/STM32F4xx_HAL_Driver/Src/stm32f4xx_hal_DMAIdleReciever.c:669:19:HAL_DMAIdleReciever_DeInit	16	static
../Drivers/STM32F4xx_HAL_Driver/Src/stm32f4xx_hal_DMAIdleReciever.c:715:13:HAL_DMAIdleReciever_MspInit	16	static
../Drivers/STM32F4xx_HAL_Driver/Src/stm32f4xx_hal_DMAIdleReciever.c:730:13:HAL_DMAIdleReciever_MspDeInit	16	static
../Drivers/STM32F4xx_HAL_Driver/Src/stm32f4xx_hal_DMAIdleReciever.c:1135:19:HAL_DMAIdleReciever_Transmit	48	static
../Drivers/STM32F4xx_HAL_Driver/Src/stm32f4xx_hal_DMAIdleReciever.c:1221:19:HAL_DMAIdleReciever_Receive	48	static
../Drivers/STM32F4xx_HAL_Driver/Src/stm32f4xx_hal_DMAIdleReciever.c:1308:19:HAL_DMAIdleReciever_Transmit_IT	24	static
../Drivers/STM32F4xx_HAL_Driver/Src/stm32f4xx_hal_DMAIdleReciever.c:1347:19:HAL_DMAIdleReciever_Receive_IT	24	static
../Drivers/STM32F4xx_HAL_Driver/Src/stm32f4xx_hal_DMAIdleReciever.c:1379:19:HAL_DMAIdleReciever_Transmit_DMA	56	static,ignoring_inline_asm
../Drivers/STM32F4xx_HAL_Driver/Src/stm32f4xx_hal_DMAIdleReciever.c:1449:19:HAL_DMAIdleReciever_Receive_DMA	24	static
../Drivers/STM32F4xx_HAL_Driver/Src/stm32f4xx_hal_DMAIdleReciever.c:1476:19:HAL_DMAIdleReciever_DMAPause	120	static,ignoring_inline_asm
../Drivers/STM32F4xx_HAL_Driver/Src/stm32f4xx_hal_DMAIdleReciever.c:1507:19:HAL_DMAIdleReciever_DMAResume	120	static,ignoring_inline_asm
../Drivers/STM32F4xx_HAL_Driver/Src/stm32f4xx_hal_DMAIdleReciever.c:1541:19:HAL_DMAIdleReciever_DMAStop	72	static,ignoring_inline_asm
../Drivers/STM32F4xx_HAL_Driver/Src/stm32f4xx_hal_DMAIdleReciever.c:1596:19:HAL_DMAIdleRecieverEx_ReceiveToIdle	40	static
../Drivers/STM32F4xx_HAL_Driver/Src/stm32f4xx_hal_DMAIdleReciever.c:1721:19:HAL_DMAIdleRecieverEx_ReceiveToIdle_IT	56	static,ignoring_inline_asm
../Drivers/STM32F4xx_HAL_Driver/Src/stm32f4xx_hal_DMAIdleReciever.c:1781:19:HAL_DMAIdleRecieverEx_ReceiveToIdle_DMA	56	static,ignoring_inline_asm
../Drivers/STM32F4xx_HAL_Driver/Src/stm32f4xx_hal_DMAIdleReciever.c:1846:29:HAL_DMAIdleRecieverEx_GetRxEventType	16	static
../Drivers/STM32F4xx_HAL_Driver/Src/stm32f4xx_hal_DMAIdleReciever.c:1864:19:HAL_DMAIdleReciever_Abort	136	static,ignoring_inline_asm
../Drivers/STM32F4xx_HAL_Driver/Src/stm32f4xx_hal_DMAIdleReciever.c:1953:19:HAL_DMAIdleReciever_AbortTransmit	64	static,ignoring_inline_asm
../Drivers/STM32F4xx_HAL_Driver/Src/stm32f4xx_hal_DMAIdleReciever.c:2004:19:HAL_DMAIdleReciever_AbortReceive	112	static,ignoring_inline_asm
../Drivers/STM32F4xx_HAL_Driver/Src/stm32f4xx_hal_DMAIdleReciever.c:2065:19:HAL_DMAIdleReciever_Abort_IT	144	static,ignoring_inline_asm
../Drivers/STM32F4xx_HAL_Driver/Src/stm32f4xx_hal_DMAIdleReciever.c:2200:19:HAL_DMAIdleReciever_AbortTransmit_IT	64	static,ignoring_inline_asm
../Drivers/STM32F4xx_HAL_Driver/Src/stm32f4xx_hal_DMAIdleReciever.c:2277:19:HAL_DMAIdleReciever_AbortReceive_IT	112	static,ignoring_inline_asm
../Drivers/STM32F4xx_HAL_Driver/Src/stm32f4xx_hal_DMAIdleReciever.c:2355:6:HAL_DMAIdleReciever_IRQHandler	240	static,ignoring_inline_asm
../Drivers/STM32F4xx_HAL_Driver/Src/stm32f4xx_hal_DMAIdleReciever.c:2619:13:HAL_DMAIdleReciever_TxCpltCallback	16	static
../Drivers/STM32F4xx_HAL_Driver/Src/stm32f4xx_hal_DMAIdleReciever.c:2634:13:HAL_DMAIdleReciever_TxHalfCpltCallback	16	static
../Drivers/STM32F4xx_HAL_Driver/Src/stm32f4xx_hal_DMAIdleReciever.c:2649:13:HAL_DMAIdleReciever_RxCpltCallback	16	static
../Drivers/STM32F4xx_HAL_Driver/Src/stm32f4xx_hal_DMAIdleReciever.c:2664:13:HAL_DMAIdleReciever_RxHalfCpltCallback	16	static
../Drivers/STM32F4xx_HAL_Driver/Src/stm32f4xx_hal_DMAIdleReciever.c:2679:13:HAL_DMAIdleReciever_ErrorCallback	16	static
../Drivers/STM32F4xx_HAL_Driver/Src/stm32f4xx_hal_DMAIdleReciever.c:2693:13:HAL_DMAIdleReciever_AbortCpltCallback	16	static
../Drivers/STM32F4xx_HAL_Driver/Src/stm32f4xx_hal_DMAIdleReciever.c:2708:13:HAL_DMAIdleReciever_AbortTransmitCpltCallback	16	static
../Drivers/STM32F4xx_HAL_Driver/Src/stm32f4xx_hal_DMAIdleReciever.c:2723:13:HAL_DMAIdleReciever_AbortReceiveCpltCallback	16	static
../Drivers/STM32F4xx_HAL_Driver/Src/stm32f4xx_hal_DMAIdleReciever.c:2740:13:HAL_DMAIdleRecieverEx_RxEventCallback	16	static
../Drivers/STM32F4xx_HAL_Driver/Src/stm32f4xx_hal_DMAIdleReciever.c:2780:19:HAL_LIN_SendBreak	40	static,ignoring_inline_asm
../Drivers/STM32F4xx_HAL_Driver/Src/stm32f4xx_hal_DMAIdleReciever.c:2807:19:HAL_MultiProcessor_EnterMuteMode	40	static,ignoring_inline_asm
../Drivers/STM32F4xx_HAL_Driver/Src/stm32f4xx_hal_DMAIdleReciever.c:2835:19:HAL_MultiProcessor_ExitMuteMode	40	static,ignoring_inline_asm
../Drivers/STM32F4xx_HAL_Driver/Src/stm32f4xx_hal_DMAIdleReciever.c:2863:19:HAL_HalfDuplex_EnableTransmitter	24	static
../Drivers/STM32F4xx_HAL_Driver/Src/stm32f4xx_hal_DMAIdleReciever.c:2898:19:HAL_HalfDuplex_EnableReceiver	24	static
../Drivers/STM32F4xx_HAL_Driver/Src/stm32f4xx_hal_DMAIdleReciever.c:2955:23:HAL_DMAIdleReciever_GetState	24	static
../Drivers/STM32F4xx_HAL_Driver/Src/stm32f4xx_hal_DMAIdleReciever.c:2970:10:HAL_DMAIdleReciever_GetError	16	static
../Drivers/STM32F4xx_HAL_Driver/Src/stm32f4xx_hal_DMAIdleReciever.c:3015:13:DMAIdleReciever_DMATransmitCplt	72	static,ignoring_inline_asm
../Drivers/STM32F4xx_HAL_Driver/Src/stm32f4xx_hal_DMAIdleReciever.c:3050:13:DMAIdleReciever_DMATxHalfCplt	24	static
../Drivers/STM32F4xx_HAL_Driver/Src/stm32f4xx_hal_DMAIdleReciever.c:3069:13:DMAIdleReciever_DMAReceiveCplt	120	static,ignoring_inline_asm
../Drivers/STM32F4xx_HAL_Driver/Src/stm32f4xx_hal_DMAIdleReciever.c:3131:13:DMAIdleReciever_DMARxHalfCplt	24	static
../Drivers/STM32F4xx_HAL_Driver/Src/stm32f4xx_hal_DMAIdleReciever.c:3170:13:DMAIdleReciever_DMAError	24	static
../Drivers/STM32F4xx_HAL_Driver/Src/stm32f4xx_hal_DMAIdleReciever.c:3212:26:DMAIdleReciever_WaitOnFlagUntilTimeout	32	static
../Drivers/STM32F4xx_HAL_Driver/Src/stm32f4xx_hal_DMAIdleReciever.c:3263:19:DMAIdleReciever_Start_Receive_IT	24	static
../Drivers/STM32F4xx_HAL_Driver/Src/stm32f4xx_hal_DMAIdleReciever.c:3298:19:DMAIdleReciever_Start_Receive_DMA	104	static,ignoring_inline_asm
../Drivers/STM32F4xx_HAL_Driver/Src/stm32f4xx_hal_DMAIdleReciever.c:3356:13:DMAIdleReciever_EndTxTransfer	40	static,ignoring_inline_asm
../Drivers/STM32F4xx_HAL_Driver/Src/stm32f4xx_hal_DMAIdleReciever.c:3370:13:DMAIdleReciever_EndRxTransfer	88	static,ignoring_inline_asm
../Drivers/STM32F4xx_HAL_Driver/Src/stm32f4xx_hal_DMAIdleReciever.c:3394:13:DMAIdleReciever_DMAAbortOnError	24	static
../Drivers/STM32F4xx_HAL_Driver/Src/stm32f4xx_hal_DMAIdleReciever.c:3417:13:DMAIdleReciever_DMATxAbortCallback	24	static
../Drivers/STM32F4xx_HAL_Driver/Src/stm32f4xx_hal_DMAIdleReciever.c:3463:13:DMAIdleReciever_DMARxAbortCallback	24	static
../Drivers/STM32F4xx_HAL_Driver/Src/stm32f4xx_hal_DMAIdleReciever.c:3509:13:DMAIdleReciever_DMATxOnlyAbortCallback	24	static
../Drivers/STM32F4xx_HAL_Driver/Src/stm32f4xx_hal_DMAIdleReciever.c:3537:13:DMAIdleReciever_DMARxOnlyAbortCallback	24	static
../Drivers/STM32F4xx_HAL_Driver/Src/stm32f4xx_hal_DMAIdleReciever.c:3563:26:DMAIdleReciever_Transmit_IT	24	static
../Drivers/STM32F4xx_HAL_Driver/Src/stm32f4xx_hal_DMAIdleReciever.c:3603:26:DMAIdleReciever_EndTransmit_IT	16	static
../Drivers/STM32F4xx_HAL_Driver/Src/stm32f4xx_hal_DMAIdleReciever.c:3628:26:DMAIdleReciever_Receive_IT	56	static,ignoring_inline_asm
../Drivers/STM32F4xx_HAL_Driver/Src/stm32f4xx_hal_DMAIdleReciever.c:3731:13:DMAIdleReciever_SetConfig	288	static
